C251 COMPILER V5.60.0,  main                                                               28/02/25  00:10:04  PAGE 1   


C251 COMPILER V5.60.0, COMPILATION OF MODULE main
OBJECT MODULE PLACED IN .\out_file\main.obj
COMPILER INVOKED BY: D:\Keil_v5\C251\BIN\C251.EXE ..\user\main.c LARGE NOALIAS FLOAT64 WARNINGLEVEL(3) OPTIMIZE(SIZE) BR
                    -OWSE INCDIR(..\..\libraries\zf_common;..\..\libraries\zf_components;..\..\libraries\zf_device;..\..\libraries\zf_driver;
                    -..\user;..\code) DEBUG PRINT(.\out_file\main.lst) OBJECT(.\out_file\main.obj) 

stmt  level    source

    1          /********************************************************************************************************
             -*************
    2          * AI8051U Opensourec Library 即（AI8051U 开源库）是一个基于官方 SDK 接口的第三方开源库
    3          * Copyright (c) 2022 SEEKFREE 逐飞科技
    4          *
    5          * 本文件是STC 开源库的一部分
    6          *
    7          * AI8051U 开源库 是免费软件
    8          * 您可以根据自由软件基金会发布的 GPL（GNU General Public License，即 GNU通用公共许可证）的条款
    9          * 即 GPL 的第3版（即 GPL3.0）或（您选择的）任何后来的版本，重新发布和/或修改它
   10          *
   11          * 本开源库的发布是希望它能发挥作用，但并未对其作任何的保证
   12          * 甚至没有隐含的适销性或适合特定用途的保证
   13          * 更多细节请参见 GPL
   14          *
   15          * 您应该在收到本开源库的同时收到一份 GPL 的副本
   16          * 如果没有，请参阅<https://www.gnu.org/licenses/>
   17          *
   18          * 额外注明：
   19          * 本开源库使用 GPL3.0 开源许可证协议 以上许可申明为译文版本
   20          * 许可申明英文版在 libraries/doc 文件夹下的 GPL3_permission_statement.txt 文件中
   21          * 许可证副本在 libraries 文件夹下 即该文件夹下的 LICENSE 文件
   22          * 欢迎各位使用并传播本程序 但修改内容时必须保留逐飞科技的版权声明（即本声明）
   23          *
   24          * 文件名称          
   25          * 公司名称          成都逐飞科技有限公司
   26          * 版本信息          查看 libraries/doc 文件夹内 version 文件 版本说明
   27          * 开发环境          MDK FOR C251
   28          * 适用平台          AI8051U
   29          * 店铺链接          https://seekfree.taobao.com/
   30          *
   31          * 修改记录
   32          * 日期              作者           备注
   33          * 2024-08-01        大W            first version
   34          *********************************************************************************************************
             -***********/
   35          
   36          #include "sys.h"
   37          
   38          // **************************** 代码区域 ****************************
   39          //void pit_handler (void);
   40          
   41          void sensor_dispaly();
   42                  
   43          void main()
   44          {
   45   1              clock_init(SYSTEM_CLOCK_40M);
   46   1              debug_init();
   47   1      
   48   1          /*外设初始化*/
   49   1              All_Init();
   50   1      
   51   1      //      get_drift();
   52   1          while(1)
   53   1          {
   54   2      //              encoder_get();
   55   2      //              imu660ra_get_acc();                 // 获取ICM20602的加速度测量数值
C251 COMPILER V5.60.0,  main                                                               28/02/25  00:10:04  PAGE 2   

   56   2      //              imu660ra_get_gyro();                // 获取IMU660RA的角速度测量数值
   57   2      //              get_yaw_data(&gyro_z);
   58   2      //              sensor_dispaly();
   59   2                      Menu_display();
   60   2      //              GPS_Display();
   61   2      //              CCD_Display();
   62   2          }
   63   1      }
   64          
   65          void sensor_dispaly()
   66          {
   67   1              ips200_show_string(0, 0*16, "gyro_z1:");
   68   1              ips200_show_float(120, 0*16,(float)imu660ra_gyro_z,5,1);
   69   1              ips200_show_string(0, 1*16, "gyro_z2:");
   70   1              ips200_show_float(120, 1*16,gyro_z,5,1);
   71   1              ips200_show_string(0, 3*16, "encoder:");
   72   1              ips200_show_float(120, 3*16,(float)encoder_data,5,1);
   73   1              ips200_show_string(0, 4*16, "YAW:");
   74   1              ips200_show_float(120, 4*16,(float)YAW,8,3);
   75   1              
   76   1              system_delay_ms(100);
   77   1      }


Module Information          Static   Overlayable
------------------------------------------------
  code size            =       286     ------
  ecode size           =    ------     ------
  data size            =    ------     ------
  idata size           =    ------     ------
  pdata size           =    ------     ------
  xdata size           =    ------     ------
  xdata-const size     =    ------     ------
  edata size           =    ------     ------
  bit size             =    ------     ------
  ebit size            =    ------     ------
  bitaddressable size  =    ------     ------
  ebitaddressable size =    ------     ------
  far data size        =    ------     ------
  huge data size       =    ------     ------
  const size           =    ------     ------
  hconst size          =        32     ------
End of Module Information.


C251 COMPILATION COMPLETE.  0 WARNING(S),  0 ERROR(S)
