C251 COMPILER V5.60.0,  menu                                                               15/02/25  01:56:48  PAGE 1   


C251 COMPILER V5.60.0, COMPILATION OF MODULE menu
OBJECT MODULE PLACED IN .\out_file\menu.obj
COMPILER INVOKED BY: D:\Keil_v5\C251\BIN\C251.EXE ..\code\menu.c LARGE NOALIAS FLOAT64 WARNINGLEVEL(3) OPTIMIZE(SIZE) BR
                    -OWSE INCDIR(..\..\libraries\zf_common;..\..\libraries\zf_components;..\..\libraries\zf_device;..\..\libraries\zf_driver;
                    -..\user;..\code) DEBUG PRINT(.\out_file\menu.lst) OBJECT(.\out_file\menu.obj) 

stmt  level    source

    1          #include "sys.h"
    2          
    3          uint8 flag=1;
    4          
    5          // **************************** 一级菜单 ****************************
    6          int menu1(void)
    7          {
    8   1              ips200_clear(RGB565_WHITE);                                     //清屏
    9   1              ips200_show_string(0,0,"*");
   10   1              ips200_show_chinese(8, 0,16,"浮力",2,RGB565_BLACK);
   11   1              ips200_show_chinese(8,16,16,"动力",2,RGB565_BLACK);
   12   1              ips200_show_string(8,32,"PID");
   13   1              ips200_show_chinese(32,32,16,"参数",2,RGB565_BLACK);
   14   1              ips200_show_string(8,48,"GPS");
   15   1              ips200_show_string(8,64,"ICM20602");
   16   1              
   17   1              while(1)
   18   1              {
   19   2                      rocker_read();
   20   2                      
   21   2                      if(Rocker_state == Rocker_DOWN)
   22   2                      {
   23   3                              flag--;
   24   3                              if(flag==0)flag=5;
   25   3                      }
   26   2                      if(Rocker_state == Rocker_UP)
   27   2                      {
   28   3                              flag++;
   29   3                              if(flag==6)flag=1;
   30   3                      }
   31   2                      if(Rocker_state == Rocker_MEDIUM)
   32   2                      {
   33   3                              ips200_clear(RGB565_WHITE);                                     //清屏
   34   3                              return flag;
   35   3                      }
   36   2                      
   37   2                      switch(flag)
   38   2                      {
   39   3                              case 1:
   40   3                              {
   41   4                                      ips200_show_string(0,0,"*");
   42   4                                      ips200_show_chinese(8, 0,16,"浮力",2,RGB565_BLACK);
   43   4                                      ips200_show_chinese(8,16,16,"动力",2,RGB565_BLACK);
   44   4                                      ips200_show_string(8,32,"PID");
   45   4                                      ips200_show_chinese(32,32,16,"参数",2,RGB565_BLACK);
   46   4                                      ips200_show_string(8,48,"GPS");
   47   4                                      ips200_show_string(8,64,"ICM20602");
   48   4                                      break ;
   49   4                              }
   50   3                              case 2:
   51   3                              {
   52   4                                      ips200_show_string(0,16,"*");
   53   4                                      ips200_show_chinese(8, 0,16,"浮力",2,RGB565_BLACK);
   54   4                                      ips200_show_chinese(8,16,16,"动力",2,RGB565_BLACK);
   55   4                                      ips200_show_string(8,32,"PID");
   56   4                                      ips200_show_chinese(32,32,16,"参数",2,RGB565_BLACK);
   57   4                                      ips200_show_string(8,48,"GPS");
C251 COMPILER V5.60.0,  menu                                                               15/02/25  01:56:48  PAGE 2   

   58   4                                      ips200_show_string(8,64,"ICM20602");
   59   4                                      break ;
   60   4                              }
   61   3                              case 3:
   62   3                              {
   63   4                                      ips200_show_string(0,32,"*");
   64   4                                      ips200_show_chinese(8, 0,16,"浮力",2,RGB565_BLACK);
   65   4                                      ips200_show_chinese(8,16,16,"动力",2,RGB565_BLACK);
   66   4                                      ips200_show_string(8,32,"PID");
   67   4                                      ips200_show_chinese(32,32,16,"参数",2,RGB565_BLACK);
   68   4                                      ips200_show_string(8,48,"GPS");
   69   4                                      ips200_show_string(8,64,"ICM20602");
   70   4                                      break ;
   71   4                              }
   72   3                              case 4:
   73   3                              {
   74   4                                      ips200_show_string(0,48,"*");
   75   4                                      ips200_show_chinese(8, 0,16,"浮力",2,RGB565_BLACK);
   76   4                                      ips200_show_chinese(8,16,16,"动力",2,RGB565_BLACK);
   77   4                                      ips200_show_string(8,32,"PID");
   78   4                                      ips200_show_chinese(32,32,16,"参数",2,RGB565_BLACK);
   79   4                                      ips200_show_string(8,48,"GPS");
   80   4                                      ips200_show_string(8,64,"ICM20602");
   81   4                                      break ;
   82   4                              }
   83   3                              case 5:
   84   3                              {
   85   4                                      ips200_show_string(0,64,"*");
   86   4                                      ips200_show_chinese(8, 0,16,"浮力",2,RGB565_BLACK);
   87   4                                      ips200_show_chinese(8,16,16,"动力",2,RGB565_BLACK);
   88   4                                      ips200_show_string(8,32,"PID");
   89   4                                      ips200_show_chinese(32,32,16,"参数",2,RGB565_BLACK);
   90   4                                      ips200_show_string(8,48,"GPS");
   91   4                                      ips200_show_string(8,64,"ICM20602");
   92   4                                      break ;
   93   4                              }
   94   3                      }
   95   2              }
   96   1      }
   97          


Module Information          Static   Overlayable
------------------------------------------------
  code size            =       403     ------
  ecode size           =    ------     ------
  data size            =    ------     ------
  idata size           =    ------     ------
  pdata size           =    ------     ------
  xdata size           =         1     ------
  xdata-const size     =    ------     ------
  edata size           =    ------     ------
  bit size             =    ------     ------
  ebit size            =    ------     ------
  bitaddressable size  =    ------     ------
  ebitaddressable size =    ------     ------
  far data size        =    ------     ------
  huge data size       =    ------     ------
  const size           =    ------     ------
  hconst size          =        39     ------
End of Module Information.


C251 COMPILATION COMPLETE.  0 WARNING(S),  0 ERROR(S)
