C251 COMPILER V5.60.0,  menu                                                               25/02/25  20:33:08  PAGE 1   


C251 COMPILER V5.60.0, COMPILATION OF MODULE menu
OBJECT MODULE PLACED IN .\out_file\menu.obj
COMPILER INVOKED BY: D:\Keil_v5\C251\BIN\C251.EXE ..\code\menu.c LARGE NOALIAS FLOAT64 WARNINGLEVEL(3) OPTIMIZE(SIZE) BR
                    -OWSE INCDIR(..\..\libraries\zf_common;..\..\libraries\zf_components;..\..\libraries\zf_device;..\..\libraries\zf_driver;
                    -..\user;..\code) DEBUG PRINT(.\out_file\menu.lst) OBJECT(.\out_file\menu.obj) 

stmt  level    source

    1          #include "menu.h"
    2          
    3          int8_t Choice=0;
    4          
    5          // **************************** 一级菜单 ****************************
    6          
    7          void Menu_display()
    8          {
    9   1          Choice = 0;
   10   1      
   11   1          while(!gpio_get_level(SWITCH1))     //拨码开关
   12   1          {
   13   2      //      control_state=0;
   14   2      
   15   2                      ips200_show_string(0, 0*16, "Trace_Debug");
   16   2                      ips200_show_string(0, 1*16, "Image_set_brightness");
   17   2                      ips200_show_string(0, 2*16, "Image_menu");
   18   2                      ips200_show_string(0, 3*16, "flash_erase");
   19   2                      ips200_show_string(0, 4*16, "Fly_PID_display");
   20   2                      ips200_show_string(0, 5*16, "Drive_PID_display");
   21   2                      ips200_show_string(0, 6*16, "PWM_display");
   22   2                      ips200_show_string(0, 7*16, "EXTI");
   23   2                      
   24   2                      ips200_show_string(200, Choice*16, "<>");
   25   2                      
   26   2                      if(rocker_read()||Rocker_state!=Rocker_MEDIUM)
   27   2                      {
   28   3                              if(Rocker_state == Rocker_UP)
   29   3                              {
   30   4                                      ips200_myclear(200, Choice*16,2);
   31   4                                      Choice = (Choice-1)%7;
   32   4                                      Choice = Choice<0?Choice+7:Choice;
   33   4                              }
   34   3                              else if(Rocker_state == Rocker_DOWN)
   35   3                              {
   36   4                                      ips200_myclear(200, Choice*16,2);
   37   4                                      Choice = (Choice+1)%7;
   38   4                              }
   39   3                              
   40   3                              ips200_show_string(200, Choice*16, "<>");
   41   3                                      
   42   3                              //确定进入二级菜单
   43   3                              if(Rocker_state == Rocker_RIGHT)
   44   3                              {
   45   4                                      ips200_clear(RGB565_WHITE);
   46   4      //                              switch(Choice)
   47   4      //                              {
   48   4      //                                      case 0 :  Trace_Debug();
   49   4      //                                      break;
   50   4      //                                      case 1 :  Image_set_brightness();
   51   4      //                                      break;
   52   4      //                                      case 2 :  Image_menu(&target_color_condi);
   53   4      //                                      break;
   54   4      //                                      case 3 :  flash_erase();
   55   4      //                                      break;
   56   4      //                                      case 4 :  Fly_PID_display();
   57   4      //                                      break;
C251 COMPILER V5.60.0,  menu                                                               25/02/25  20:33:08  PAGE 2   

   58   4      //                                      case 5 :  Drive_PID_display();
   59   4      //                                      break;
   60   4      //                                      case 6 :  PWM_display();
   61   4      //                                      break;
   62   4      //                                      default :
   63   4      //                                      break;
   64   4      //                              }
   65   4                              }
   66   3                                      
   67   3                              ips200_show_float(0, 8*16,(float)Choice,3,1);
   68   3                              ips200_show_float(0, 9*16,Rocker_state,3,1);
   69   3                              system_delay_ms(100);
   70   3                      }
   71   2      //      if(!gpio_get_level(ROCKER_KEY))//此处为读取摇杆确定键
   72   2                      system_delay_ms(150);
   73   2           }
   74   1      }


Module Information          Static   Overlayable
------------------------------------------------
  code size            =       493     ------
  ecode size           =    ------     ------
  data size            =    ------     ------
  idata size           =    ------     ------
  pdata size           =    ------     ------
  xdata size           =         1     ------
  xdata-const size     =    ------     ------
  edata size           =    ------     ------
  bit size             =    ------     ------
  ebit size            =    ------     ------
  bitaddressable size  =    ------     ------
  ebitaddressable size =    ------     ------
  far data size        =    ------     ------
  huge data size       =    ------     ------
  const size           =    ------     ------
  hconst size          =       116     ------
End of Module Information.


C251 COMPILATION COMPLETE.  0 WARNING(S),  0 ERROR(S)
