C251 COMPILER V5.60.0,  rocker                                                             15/02/25  01:53:51  PAGE 1   


C251 COMPILER V5.60.0, COMPILATION OF MODULE rocker
OBJECT MODULE PLACED IN .\out_file\rocker.obj
COMPILER INVOKED BY: D:\Keil_v5\C251\BIN\C251.EXE ..\code\rocker.c LARGE NOALIAS FLOAT64 WARNINGLEVEL(3) OPTIMIZE(SIZE) 
                    -BROWSE INCDIR(..\..\libraries\zf_common;..\..\libraries\zf_components;..\..\libraries\zf_device;..\..\libraries\zf_drive
                    -r;..\user;..\code) DEBUG PRINT(.\out_file\rocker.lst) OBJECT(.\out_file\rocker.obj) 

stmt  level    source

    1          #include "rocker.h"
    2          
    3          #define ROCKER_X            (ADC_CH12_P04)
    4          #define ROCKER_Y            (ADC_CH3_P13)
    5          
    6          
    7          float R_x_val=0,R_y_val=0;
    8          uint16 Rocker_state=0;
    9          
   10          /******************
   11          *功能：摇杆初始化
   12          *参数：
   13          *返回值：
   14          ******************/
   15          void rocker_init(void)
   16          {
   17   1              adc_init(ROCKER_X, ADC_12BIT);                                          // 初始化对应 ADC 通道为对应精度
   18   1              adc_init(ROCKER_Y, ADC_12BIT);              
   19   1      }
   20          
   21          /******************
   22          *功能：读取摇杆状态
   23          *参数：
   24          *返回值：
   25          ******************/
   26          void rocker_read(void)
   27          {
   28   1              R_x_val=3.3*(double)adc_convert(ROCKER_X)/4096;
   29   1              R_y_val=3.3*(double)adc_convert(ROCKER_Y)/4096;
   30   1              
   31   1              
   32   1              if((R_x_val>2.5&&R_x_val<3.3)&&(R_y_val>1.0&&R_y_val<2.0))Rocker_state=Rocker_DOWN;     
   33   1              else if((R_x_val>=0&&R_x_val<0.6)&&(R_y_val>1.0&&R_y_val<2.0))Rocker_state=Rocker_UP;   
   34   1              else if((R_x_val>1.0&&R_x_val<2.0)&&(R_y_val>2.5&&R_y_val<3.3))Rocker_state=Rocker_LEFT;
   35   1              else if((R_x_val>1.0&&R_x_val<2.0)&&(R_y_val>=0.0&&R_y_val<0.6))Rocker_state=Rocker_RIGHT;
   36   1              else if((R_x_val>2.5&&R_x_val<3.3)&&(R_y_val>2.5&&R_y_val<3.3))Rocker_state=Rocker_LEFTDOWN;
   37   1              else if((R_x_val>=0&&R_x_val<0.6)&&(R_y_val>2.5&&R_y_val<3.3))Rocker_state=Rocker_LEFTUP;
   38   1              else if((R_x_val>=0&&R_x_val<0.6)&&(R_y_val>=0.0&&R_y_val<0.6))Rocker_state=Rocker_RIGHTUP;
   39   1              else if((R_x_val>2.5&&R_x_val<3.3)&&(R_y_val>=0.0&&R_y_val<0.6))Rocker_state=Rocker_RIGHTDOWN;
   40   1              else if((R_x_val>1.7&&R_x_val<1.9)&&(R_y_val>1.7&&R_y_val<1.9))Rocker_state=Rocker_MEDIUM;
   41   1      }


Module Information          Static   Overlayable
------------------------------------------------
  code size            =      1037     ------
  ecode size           =    ------     ------
  data size            =    ------     ------
  idata size           =    ------     ------
  pdata size           =    ------     ------
  xdata size           =        10     ------
  xdata-const size     =    ------     ------
  edata size           =    ------     ------
  bit size             =    ------     ------
  ebit size            =    ------     ------
  bitaddressable size  =    ------     ------
  ebitaddressable size =    ------     ------
  far data size        =    ------     ------
C251 COMPILER V5.60.0,  rocker                                                             15/02/25  01:53:51  PAGE 2   

  huge data size       =    ------     ------
  const size           =    ------     ------
  hconst size          =        25     ------
End of Module Information.


C251 COMPILATION COMPLETE.  0 WARNING(S),  0 ERROR(S)
