C251 COMPILER V5.60.0,  sys                                                                25/02/25  20:33:06  PAGE 1   


C251 COMPILER V5.60.0, COMPILATION OF MODULE sys
OBJECT MODULE PLACED IN .\out_file\sys.obj
COMPILER INVOKED BY: D:\Keil_v5\C251\BIN\C251.EXE ..\code\sys.c LARGE NOALIAS FLOAT64 WARNINGLEVEL(3) OPTIMIZE(SIZE) BRO
                    -WSE INCDIR(..\..\libraries\zf_common;..\..\libraries\zf_components;..\..\libraries\zf_device;..\..\libraries\zf_driver;.
                    -.\user;..\code) DEBUG PRINT(.\out_file\sys.lst) OBJECT(.\out_file\sys.obj) 

stmt  level    source

    1          #include "sys.h"
    2          
    3          TxPack_P txpack;
    4          RxPack_P rxpack;
    5          
    6          
    7          void All_Init(void)
    8          {
    9   1              rocker_init();                          //遥感初始化
   10   1      //      icm20602_init();                        //姿态传感器初始化
   11   1              imu660ra_init();
   12   1              ips200_init();                          //屏幕初始化
   13   1              Motor_Init();                           //电机初始化
   14   1              gps_init();                                     //GPS初始化
   15   1              tsl1401_init();                         //CCD初始化
   16   1      //      ValuePack_Init();                       //蓝牙串口助手协议
   17   1              encoder_Init();                         //编码器初始化
   18   1      //      BL_uart_init(UART_4,115200,UART4_RX_P02,UART4_TX_P03,UART1_Callback);
   19   1              
   20   1              gpio_init(IO_P24,GPO,0,GPO_PUSH_PULL);
   21   1      //      
   22   1              timer_Init();                   //定时器最后初始化
   23   1      }


Module Information          Static   Overlayable
------------------------------------------------
  code size            =        40     ------
  ecode size           =    ------     ------
  data size            =    ------     ------
  idata size           =    ------     ------
  pdata size           =    ------     ------
  xdata size           =        52     ------
  xdata-const size     =    ------     ------
  edata size           =    ------     ------
  bit size             =    ------     ------
  ebit size            =    ------     ------
  bitaddressable size  =    ------     ------
  ebitaddressable size =    ------     ------
  far data size        =    ------     ------
  huge data size       =    ------     ------
  const size           =    ------     ------
  hconst size          =    ------     ------
End of Module Information.


C251 COMPILATION COMPLETE.  0 WARNING(S),  0 ERROR(S)
